ARM Linker, 5.03 [Build 76] [MDK-ARM Professional]

==============================================================================

Section Cross References

    startup.o(STACK) refers (Special) to heapauxi.o(.text) for __use_two_region_memory
    startup.o(HEAP) refers (Special) to heapauxi.o(.text) for __use_two_region_memory
    startup.o(RESET) refers (Special) to heapauxi.o(.text) for __use_two_region_memory
    startup.o(RESET) refers to startup.o(STACK) for StackMem
    startup.o(RESET) refers to geometrywars.o(i.SysTick_Handler) for SysTick_Handler
    startup.o(RESET) refers to sound.o(i.Timer0A_Handler) for Timer0A_Handler
    startup.o(RESET) refers to timer1.o(i.Timer1A_Handler) for Timer1A_Handler
    startup.o(RESET) refers to texas.o(.text) for Timer4A_Handler
    startup.o(RESET) refers to __main.o(!!!main) for __main
    startup.o(.text) refers (Special) to heapauxi.o(.text) for __use_two_region_memory
    startup.o(.text) refers to startup.o(HEAP) for HeapMem
    startup.o(.text) refers to startup.o(STACK) for StackMem
    random.o(.text) refers to random.o(DATA) for M
    dac.o(i.DAC_Init) refers to dac.o(.data) for x
    timer1.o(i.Timer1A_Handler) refers to timer1.o(.data) for PeriodicTask1
    timer1.o(i.Timer1_Init) refers to timer1.o(.data) for PeriodicTask1
    sound.o(i.Timer0A_Handler) refers to sound.o(.data) for PeriodicTask
    sound.o(i.Timer0A_Init) refers to sound.o(.data) for PeriodicTask
    sound.o(i.TimerTask) refers to sound.o(i.playSound) for playSound
    sound.o(i.TimerTask) refers to sound.o(.constdata) for BG
    sound.o(i.playSound) refers to dac.o(i.DAC_Out) for DAC_Out
    sound.o(i.playSound) refers to sound.o(.data) for n
    sound.o(i.playSound) refers to sound.o(.constdata) for BG
    print.o(.text) refers (Special) to st7735.o(i.ST7735_OutString) for ST7735_OutString
    print.o(.text) refers to st7735.o(i.ST7735_OutChar) for ST7735_OutChar
    geometrywars.o(i.ConvertX) refers to dflt_clz.o(x$fpl$dfltu) for __aeabi_ui2d
    geometrywars.o(i.ConvertX) refers to daddsub_clz.o(x$fpl$dsub) for __aeabi_dsub
    geometrywars.o(i.ConvertY) refers to dflt_clz.o(x$fpl$dfltu) for __aeabi_ui2d
    geometrywars.o(i.ConvertY) refers to daddsub_clz.o(x$fpl$drsb) for __aeabi_drsub
    geometrywars.o(i.Draw_Enemy) refers to st7735.o(i.ST7735_DrawBitmap) for ST7735_DrawBitmap
    geometrywars.o(i.Draw_Enemy) refers to geometrywars.o(.constdata) for Pink
    geometrywars.o(i.Enemy_Move) refers to st7735.o(i.ST7735_FillRect) for ST7735_FillRect
    geometrywars.o(i.Enemy_Move) refers to geometrywars.o(.data) for num_enemies
    geometrywars.o(i.Enemy_Move) refers to geometrywars.o(i.Draw_Enemy) for Draw_Enemy
    geometrywars.o(i.Enemy_Spawn) refers to rand.o(.emb_text) for rand
    geometrywars.o(i.Enemy_Spawn) refers to rt_memcpy_w.o(.text) for __aeabi_memcpy4
    geometrywars.o(i.Enemy_Spawn) refers to geometrywars.o(i.Draw_Enemy) for Draw_Enemy
    geometrywars.o(i.Enemy_Spawn) refers to geometrywars.o(.data) for num_enemies
    geometrywars.o(i.Enemy_Spawn) refers to geometrywars.o(.bss) for enemies
    geometrywars.o(i.Game_Over) refers to startup.o(.text) for DisableInterrupts
    geometrywars.o(i.Game_Over) refers to st7735.o(i.ST7735_FillScreen) for ST7735_FillScreen
    geometrywars.o(i.Game_Over) refers to st7735.o(i.ST7735_DrawBitmap) for ST7735_DrawBitmap
    geometrywars.o(i.Game_Over) refers to st7735.o(i.ST7735_SetCursor) for ST7735_SetCursor
    geometrywars.o(i.Game_Over) refers to st7735.o(i.ST7735_OutString) for ST7735_OutString
    geometrywars.o(i.Game_Over) refers to print.o(.text) for LCD_OutDec
    geometrywars.o(i.Game_Over) refers to geometrywars.o(.constdata) for GameOver
    geometrywars.o(i.Missile_Fire) refers to geometrywars.o(i.ConvertX) for ConvertX
    geometrywars.o(i.Missile_Fire) refers to geometrywars.o(i.ConvertY) for ConvertY
    geometrywars.o(i.Missile_Fire) refers to atan2.o(i.atan2) for atan2
    geometrywars.o(i.Missile_Fire) refers to cos.o(i.cos) for cos
    geometrywars.o(i.Missile_Fire) refers to dmul.o(x$fpl$dmul) for __aeabi_dmul
    geometrywars.o(i.Missile_Fire) refers to dflt_clz.o(x$fpl$dflt) for __aeabi_i2d
    geometrywars.o(i.Missile_Fire) refers to daddsub_clz.o(x$fpl$dadd) for __aeabi_dadd
    geometrywars.o(i.Missile_Fire) refers to sin.o(i.sin) for sin
    geometrywars.o(i.Missile_Fire) refers to round.o(i.round) for round
    geometrywars.o(i.Missile_Fire) refers to dfix.o(x$fpl$dfix) for __aeabi_d2iz
    geometrywars.o(i.Missile_Fire) refers to st7735.o(i.ST7735_DrawBitmap) for ST7735_DrawBitmap
    geometrywars.o(i.Missile_Fire) refers to geometrywars.o(.data) for ADCXs
    geometrywars.o(i.Missile_Fire) refers to geometrywars.o(.constdata) for Missiles
    geometrywars.o(i.Missile_Hit) refers to st7735.o(i.ST7735_FillRect) for ST7735_FillRect
    geometrywars.o(i.Missile_Hit) refers to rt_memcpy_w.o(.text) for __aeabi_memcpy4
    geometrywars.o(i.Missile_Hit) refers to geometrywars.o(.data) for num_enemies
[...]
    libshutdown.o(.ARM.Collect$$libshutdown$$00000000) refers (Special) to libshutdown2.o(.ARM.Collect$$libshutdown$$0000000E) for __rt_lib_shutdown_heap_1
    libshutdown.o(.ARM.Collect$$libshutdown$$00000000) refers (Special) to libshutdown2.o(.ARM.Collect$$libshutdown$$0000000F) for __rt_lib_shutdown_return
    libshutdown.o(.ARM.Collect$$libshutdown$$00000000) refers (Special) to libshutdown2.o(.ARM.Collect$$libshutdown$$00000009) for __rt_lib_shutdown_signal_1
    libshutdown.o(.ARM.Collect$$libshutdown$$00000000) refers (Special) to libshutdown2.o(.ARM.Collect$$libshutdown$$00000003) for __rt_lib_shutdown_stdio_1
    libshutdown.o(.ARM.Collect$$libshutdown$$00000000) refers (Special) to libshutdown2.o(.ARM.Collect$$libshutdown$$0000000B) for __rt_lib_shutdown_user_alloc_1
    sys_wrch.o(.text) refers (Special) to use_no_semi.o(.text) for __I$use$semihosting
    sys_wrch.o(.text) refers (Special) to indicate_semi.o(.text) for __semihosting_library_function
    defsig.o(CL$$defsig) refers to defsig_rtmem_inner.o(.text) for __rt_SIGRTMEM_inner
    defsig_abrt_inner.o(.text) refers to defsig_general.o(.text) for __default_signal_display
    defsig_fpe_inner.o(.text) refers to defsig_general.o(.text) for __default_signal_display
    defsig_rtred_inner.o(.text) refers to defsig_general.o(.text) for __default_signal_display
    defsig_stak_inner.o(.text) refers to defsig_general.o(.text) for __default_signal_display
    defsig_pvfn_inner.o(.text) refers to defsig_general.o(.text) for __default_signal_display
    defsig_cppl_inner.o(.text) refers to defsig_general.o(.text) for __default_signal_display
    defsig_segv_inner.o(.text) refers to defsig_general.o(.text) for __default_signal_display
    defsig_other.o(.text) refers to defsig_general.o(.text) for __default_signal_display


==============================================================================

Removing Unused input sections from the image.

    Removing random.o(DATA), (4 bytes).
    Removing random.o(.text), (64 bytes).
    Removing timer1.o(i.Timer1_Init), (96 bytes).
    Removing sound.o(i.Sound_Killed), (2 bytes).
    Removing sound.o(i.Sound_Shoot), (2 bytes).
    Removing st7735.o(i.Output_Clear), (10 bytes).
    Removing st7735.o(i.Output_Color), (12 bytes).
    Removing st7735.o(i.Output_Off), (8 bytes).
    Removing st7735.o(i.Output_On), (8 bytes).
    Removing st7735.o(i.ST7735_Color565), (24 bytes).
    Removing st7735.o(i.ST7735_DrawChar), (268 bytes).
    Removing st7735.o(i.ST7735_DrawFastHLine), (124 bytes).
    Removing st7735.o(i.ST7735_DrawFastVLine), (124 bytes).
    Removing st7735.o(i.ST7735_InitB), (40 bytes).
    Removing st7735.o(i.ST7735_InvertDisplay), (22 bytes).
    Removing st7735.o(i.ST7735_OutUDec), (140 bytes).
    Removing st7735.o(i.ST7735_PlotBar), (88 bytes).
    Removing st7735.o(i.ST7735_PlotClear), (92 bytes).
    Removing st7735.o(i.ST7735_PlotLine), (264 bytes).
    Removing st7735.o(i.ST7735_PlotNext), (32 bytes).
    Removing st7735.o(i.ST7735_PlotNextErase), (64 bytes).
    Removing st7735.o(i.ST7735_PlotPoint), (152 bytes).
    Removing st7735.o(i.ST7735_PlotPoints), (172 bytes).
    Removing st7735.o(i.ST7735_PlotdBfs), (60 bytes).
    Removing st7735.o(i.ST7735_SetRotation), (212 bytes).
    Removing st7735.o(i.ST7735_SetTextColor), (12 bytes).
    Removing st7735.o(i.ST7735_SwapColor), (18 bytes).
    Removing st7735.o(i.ferror), (8 bytes).
    Removing st7735.o(i.fgetc), (6 bytes).
    Removing st7735.o(i.fillmessage), (72 bytes).
    Removing st7735.o(i.fputc), (16 bytes).
    Removing st7735.o(.bss), (12 bytes).

32 unused section(s) (total 2228 bytes) removed from the image.

==============================================================================

Image Symbol Table

    Local Symbols

    Symbol Name                              Value     Ov Type        Size  Object(Section)

    RESET                                    0x00000000   Section      644  startup.o(RESET)
    ../clib/angel/boardlib.s                 0x00000000   Number         0  boardshut.o ABSOLUTE
    ../clib/angel/boardlib.s                 0x00000000   Number         0  boardinit1.o ABSOLUTE
    ../clib/angel/boardlib.s                 0x00000000   Number         0  boardinit2.o ABSOLUTE
    ../clib/angel/boardlib.s                 0x00000000   Number         0  boardinit3.o ABSOLUTE
    ../clib/angel/handlers.s                 0x00000000   Number         0  __scatter_zi.o ABSOLUTE
    ../clib/angel/handlers.s                 0x00000000   Number         0  __scatter_copy.o ABSOLUTE
    ../clib/angel/kernel.s                   0x00000000   Number         0  rtexit2.o ABSOLUTE
    ../clib/angel/kernel.s                   0x00000000   Number         0  rtentry2.o ABSOLUTE
    ../clib/angel/kernel.s                   0x00000000   Number         0  rtentry.o ABSOLUTE
    ../clib/angel/kernel.s                   0x00000000   Number         0  rtexit.o ABSOLUTE
    ../clib/angel/kernel.s                   0x00000000   Number         0  rtentry4.o ABSOLUTE
    ../clib/angel/rt.s                       0x00000000   Number         0  rt_errno_addr_intlibspace.o ABSOLUTE
    ../clib/angel/rt.s                       0x00000000   Number         0  rt_raise.o ABSOLUTE
    ../clib/angel/rt.s                       0x00000000   Number         0  rt_errno_addr.o ABSOLUTE
    ../clib/angel/scatter.s                  0x00000000   Number         0  __scatter.o ABSOLUTE
    ../clib/angel/startup.s                  0x00000000   Number         0  __main.o ABSOLUTE
    ../clib/angel/sys.s                      0x00000000   Number         0  libspace.o ABSOLUTE
    ../clib/angel/sys.s                      0x00000000   Number         0  indicate_semi.o ABSOLUTE
    ../clib/angel/sys.s                      0x00000000   Number         0  sys_stackheap_outer.o ABSOLUTE
    ../clib/angel/sys.s                      0x00000000   Number         0  use_no_semi.o ABSOLUTE
    ../clib/angel/sysapp.c                   0x00000000   Number         0  sys_wrch.o ABSOLUTE
    ../clib/angel/sysapp.c                   0x00000000   Number         0  sys_command.o ABSOLUTE
    ../clib/angel/sysapp.c                   0x00000000   Number         0  sys_exit.o ABSOLUTE
    ../clib/armsys.c                         0x00000000   Number         0  argv_veneer.o ABSOLUTE
    ../clib/armsys.c                         0x00000000   Number         0  argv_veneer.o ABSOLUTE
    ../clib/armsys.c                         0x00000000   Number         0  no_argv.o ABSOLUTE
    ../clib/armsys.c                         0x00000000   Number         0  _get_argv_nomalloc.o ABSOLUTE
    ../clib/fenv.c                           0x00000000   Number         0  _rserrno.o ABSOLUTE
    ../clib/heapalloc.c                      0x00000000   Number         0  hrguard.o ABSOLUTE
    ../clib/heapaux.c                        0x00000000   Number         0  heapauxi.o ABSOLUTE
    ../clib/libinit.s                        0x00000000   Number         0  libshutdown2.o ABSOLUTE
    ../clib/libinit.s                        0x00000000   Number         0  libshutdown.o ABSOLUTE
    ../clib/libinit.s                        0x00000000   Number         0  libinit.o ABSOLUTE
    ../clib/libinit.s                        0x00000000   Number         0  libinit2.o ABSOLUTE
    ../clib/memcpset.s                       0x00000000   Number         0  rt_memcpy_w.o ABSOLUTE
    ../clib/signal.c                         0x00000000   Number         0  defsig_abrt_inner.o ABSOLUTE
    ../clib/signal.c                         0x00000000   Number         0  defsig_rtred_inner.o ABSOLUTE
    ../clib/signal.c                         0x00000000   Number         0  defsig_pvfn_inner.o ABSOLUTE
    ../clib/signal.c                         0x00000000   Number         0  defsig_general.o ABSOLUTE
    ../clib/signal.c                         0x00000000   Number         0  __raise.o ABSOLUTE
    ../clib/signal.c                         0x00000000   Number         0  defsig_segv_inner.o ABSOLUTE
    ../clib/signal.c                         0x00000000   Number         0  defsig_stak_inner.o ABSOLUTE
    ../clib/signal.c                         0x00000000   Number         0  defsig_cppl_inner.o ABSOLUTE
    ../clib/signal.c                         0x00000000   Number         0  defsig_other.o ABSOLUTE
    ../clib/signal.c                         0x00000000   Number         0  defsig_rtmem_inner.o ABSOLUTE
    ../clib/signal.c                         0x00000000   Number         0  defsig_exit.o ABSOLUTE
    ../clib/signal.c                         0x00000000   Number         0  defsig_fpe_inner.o ABSOLUTE
    ../clib/signal.c                         0x00000000   Number         0  defsig_rtmem_formal.o ABSOLUTE
    ../clib/signal.c                         0x00000000   Number         0  defsig_rtmem_outer.o ABSOLUTE
    ../clib/signal.s                         0x00000000   Number         0  defsig.o ABSOLUTE
    ../clib/stdlib.c                         0x00000000   Number         0  rand.o ABSOLUTE
    ../clib/stdlib.c                         0x00000000   Number         0  exit.o ABSOLUTE
    ../clib/stdlib.c                         0x00000000   Number         0  rand.o ABSOLUTE
    ../fplib/daddsub.s                       0x00000000   Number         0  daddsub_clz.o ABSOLUTE
    ../fplib/dcheck1.s                       0x00000000   Number         0  dcheck1.o ABSOLUTE
    ../fplib/dcmpi.s                         0x00000000   Number         0  dcmpi.o ABSOLUTE
    ../fplib/ddiv.s                          0x00000000   Number         0  ddiv.o ABSOLUTE
    ../fplib/dfix.s                          0x00000000   Number         0  dfix.o ABSOLUTE
    ../fplib/dflt.s                          0x00000000   Number         0  dflt_clz.o ABSOLUTE
    ../fplib/dleqf.s                         0x00000000   Number         0  dleqf.o ABSOLUTE
    ../fplib/dmul.s                          0x00000000   Number         0  dmul.o ABSOLUTE
    ../fplib/dnaninf.s                       0x00000000   Number         0  dnaninf.o ABSOLUTE
    ../fplib/dretinf.s                       0x00000000   Number         0  dretinf.o ABSOLUTE
    ../fplib/drleqf.s                        0x00000000   Number         0  drleqf.o ABSOLUTE
    ../fplib/drnd.s                          0x00000000   Number         0  drnd.o ABSOLUTE
    ../fplib/fpinit.s                        0x00000000   Number         0  fpinit.o ABSOLUTE
    ../fplib/retnan.s                        0x00000000   Number         0  retnan.o ABSOLUTE
    ../fplib/scalbn.s                        0x00000000   Number         0  scalbn.o ABSOLUTE
    ../fplib/trapv.s                         0x00000000   Number         0  trapv.o ABSOLUTE
    ../fplib/usenofp.s                       0x00000000   Number         0  usenofp.o ABSOLUTE
    ../mathlib/atan.c                        0x00000000   Number         0  atan.o ABSOLUTE
    ../mathlib/atan.c                        0x00000000   Number         0  atan_x.o ABSOLUTE
    ../mathlib/atan2.c                       0x00000000   Number         0  atan2.o ABSOLUTE
    ../mathlib/atan2.c                       0x00000000   Number         0  atan2_x.o ABSOLUTE
    ../mathlib/cos.c                         0x00000000   Number         0  cos_x.o ABSOLUTE
    ../mathlib/cos.c                         0x00000000   Number         0  cos.o ABSOLUTE
    ../mathlib/cos_i.c                       0x00000000   Number         0  cos_i.o ABSOLUTE
    ../mathlib/dunder.c                      0x00000000   Number         0  dunder.o ABSOLUTE
    ../mathlib/fpclassify.c                  0x00000000   Number         0  fpclassify.o ABSOLUTE
    ../mathlib/poly.c                        0x00000000   Number         0  poly.o ABSOLUTE
    ../mathlib/qnan.c                        0x00000000   Number         0  qnan.o ABSOLUTE
    ../mathlib/round.c                       0x00000000   Number         0  round.o ABSOLUTE
    ../mathlib/rred.c                        0x00000000   Number         0  rred.o ABSOLUTE
    ../mathlib/sin.c                         0x00000000   Number         0  sin.o ABSOLUTE
    ../mathlib/sin.c                         0x00000000   Number         0  sin_x.o ABSOLUTE
    ../mathlib/sin_i.c                       0x00000000   Number         0  sin_i.o ABSOLUTE
    ../mathlib/sin_i.c                       0x00000000   Number         0  sin_i_x.o ABSOLUTE
    ADC.c                                    0x00000000   Number         0  adc.o ABSOLUTE
    DAC.c                                    0x00000000   Number         0  dac.o ABSOLUTE
    GeometryWars.c                           0x00000000   Number         0  geometrywars.o ABSOLUTE
    LCD.s                                    0x00000000   Number         0  lcd.o ABSOLUTE
    Print.s                                  0x00000000   Number         0  print.o ABSOLUTE
    ST7735.c                                 0x00000000   Number         0  st7735.o ABSOLUTE
    Sound.c                                  0x00000000   Number         0  sound.o ABSOLUTE
    TExaS.c                                  0x00000000   Number         0  texas.o ABSOLUTE
    Timer0.c                                 0x00000000   Number         0  timer0.o ABSOLUTE
    Timer1.c                                 0x00000000   Number         0  timer1.o ABSOLUTE
    dc.s                                     0x00000000   Number         0  dc.o ABSOLUTE
    random.s                                 0x00000000   Number         0  random.o ABSOLUTE
    startup.s                                0x00000000   Number         0  startup.o ABSOLUTE
    !!!main                                  0x00000284   Section        8  __main.o(!!!main)
    !!!scatter                               0x0000028c   Section       52  __scatter.o(!!!scatter)
    !!handler_copy                           0x000002c0   Section       26  __scatter_copy.o(!!handler_copy)
    !!handler_zi                             0x000002dc   Section       28  __scatter_zi.o(!!handler_zi)
    .ARM.Collect$$libinit$$00000000          0x000002f8   Section        2  libinit.o(.ARM.Collect$$libinit$$00000000)
    .ARM.Collect$$libinit$$00000002          0x000002fa   Section        0  libinit2.o(.ARM.Collect$$libinit$$00000002)
    .ARM.Collect$$libinit$$00000008          0x000002fa   Section        0  libinit2.o(.ARM.Collect$$libinit$$00000008)
    .ARM.Collect$$libinit$$0000000A          0x000002fa   Section        0  libinit2.o(.ARM.Collect$$libinit$$0000000A)
    .ARM.Collect$$libinit$$0000000B          0x000002fa   Section        4  libinit2.o(.ARM.Collect$$libinit$$0000000B)
    .ARM.Collect$$libinit$$0000000C          0x000002fe   Section        0  libinit2.o(.ARM.Collect$$libinit$$0000000C)
    .ARM.Collect$$libinit$$0000000F          0x000002fe   Section        0  libinit2.o(.ARM.Collect$$libinit$$0000000F)
    .ARM.Collect$$libinit$$00000011          0x000002fe   Section        0  libinit2.o(.ARM.Collect$$libinit$$00000011)
    .ARM.Collect$$libinit$$00000013          0x000002fe   Section        0  libinit2.o(.ARM.Collect$$libinit$$00000013)
    .ARM.Collect$$libinit$$00000015          0x000002fe   Section        0  libinit2.o(.ARM.Collect$$libinit$$00000015)
    .ARM.Collect$$libinit$$00000017          0x000002fe   Section        0  libinit2.o(.ARM.Collect$$libinit$$00000017)
    .ARM.Collect$$libinit$$00000019          0x000002fe   Section        0  libinit2.o(.ARM.Collect$$libinit$$00000019)
    .ARM.Collect$$libinit$$0000001B          0x000002fe   Section        0  libinit2.o(.ARM.Collect$$libinit$$0000001B)
    .ARM.Collect$$libinit$$0000001D          0x000002fe   Section        0  libinit2.o(.ARM.Collect$$libinit$$0000001D)
    .ARM.Collect$$libinit$$0000001F          0x000002fe   Section        0  libinit2.o(.ARM.Collect$$libinit$$0000001F)
    .ARM.Collect$$libinit$$00000021          0x000002fe   Section        0  libinit2.o(.ARM.Collect$$libinit$$00000021)
    .ARM.Collect$$libinit$$00000023          0x000002fe   Section        0  libinit2.o(.ARM.Collect$$libinit$$00000023)
    .ARM.Collect$$libinit$$0000002A          0x000002fe   Section        0  libinit2.o(.ARM.Collect$$libinit$$0000002A)
    .ARM.Collect$$libinit$$0000002C          0x000002fe   Section        0  libinit2.o(.ARM.Collect$$libinit$$0000002C)
    .ARM.Collect$$libinit$$0000002E          0x000002fe   Section        0  libinit2.o(.ARM.Collect$$libinit$$0000002E)
    .ARM.Collect$$libinit$$00000030          0x000002fe   Section        0  libinit2.o(.ARM.Collect$$libinit$$00000030)
    .ARM.Collect$$libinit$$00000031          0x000002fe   Section        2  libinit2.o(.ARM.Collect$$libinit$$00000031)
    .ARM.Collect$$libshutdown$$00000000      0x00000300   Section        2  libshutdown.o(.ARM.Collect$$libshutdown$$00000000)
    .ARM.Collect$$libshutdown$$00000003      0x00000302   Section        0  libshutdown2.o(.ARM.Collect$$libshutdown$$00000003)
    .ARM.Collect$$libshutdown$$00000006      0x00000302   Section        0  libshutdown2.o(.ARM.Collect$$libshutdown$$00000006)
    .ARM.Collect$$libshutdown$$00000009      0x00000302   Section        0  libshutdown2.o(.ARM.Collect$$libshutdown$$00000009)
    .ARM.Collect$$libshutdown$$0000000B      0x00000302   Section        0  libshutdown2.o(.ARM.Collect$$libshutdown$$0000000B)
    .ARM.Collect$$libshutdown$$0000000E      0x00000302   Section        0  libshutdown2.o(.ARM.Collect$$libshutdown$$0000000E)
    .ARM.Collect$$libshutdown$$0000000F      0x00000302   Section        2  libshutdown2.o(.ARM.Collect$$libshutdown$$0000000F)
    .ARM.Collect$$rtentry$$00000000          0x00000304   Section        0  rtentry.o(.ARM.Collect$$rtentry$$00000000)
    .ARM.Collect$$rtentry$$00000002          0x00000304   Section        0  rtentry2.o(.ARM.Collect$$rtentry$$00000002)
    .ARM.Collect$$rtentry$$00000004          0x00000304   Section        6  rtentry4.o(.ARM.Collect$$rtentry$$00000004)
    .ARM.Collect$$rtentry$$00000009          0x0000030a   Section        0  rtentry2.o(.ARM.Collect$$rtentry$$00000009)
    .ARM.Collect$$rtentry$$0000000A          0x0000030a   Section        4  rtentry2.o(.ARM.Collect$$rtentry$$0000000A)
    .ARM.Collect$$rtentry$$0000000C          0x0000030e   Section        0  rtentry2.o(.ARM.Collect$$rtentry$$0000000C)
    .ARM.Collect$$rtentry$$0000000D          0x0000030e   Section        8  rtentry2.o(.ARM.Collect$$rtentry$$0000000D)
    .ARM.Collect$$rtexit$$00000000           0x00000316   Section        2  rtexit.o(.ARM.Collect$$rtexit$$00000000)
    .ARM.Collect$$rtexit$$00000002           0x00000318   Section        0  rtexit2.o(.ARM.Collect$$rtexit$$00000002)
    .ARM.Collect$$rtexit$$00000003           0x00000318   Section        4  rtexit2.o(.ARM.Collect$$rtexit$$00000003)
    .ARM.Collect$$rtexit$$00000004           0x0000031c   Section        6  rtexit2.o(.ARM.Collect$$rtexit$$00000004)
    .emb_text                                0x00000324   Section       52  rand.o(.emb_text)
    .text                                    0x00000358   Section       48  startup.o(.text)
    .text                                    0x00000388   Section       88  lcd.o(.text)
    .text                                    0x000003e0   Section      280  print.o(.text)
    .text                                    0x000004f8   Section        0  texas.o(.text)
    .text                                    0x00000998   Section        0  rand.o(.text)
    .text                                    0x000009d4   Section      100  rt_memcpy_w.o(.text)
    .text                                    0x00000a38   Section        0  heapauxi.o(.text)
    .text                                    0x00000a3e   Section        0  _rserrno.o(.text)
    .text                                    0x00000a54   Section        8  rt_errno_addr_intlibspace.o(.text)
    .text                                    0x00000a5c   Section        8  libspace.o(.text)
    .text                                    0x00000a64   Section       74  sys_stackheap_outer.o(.text)
    .text                                    0x00000aae   Section        0  exit.o(.text)
    .text                                    0x00000aba   Section        2  use_no_semi.o(.text)
    .text                                    0x00000abc   Section        0  indicate_semi.o(.text)
    .text                                    0x00000abc   Section        0  sys_exit.o(.text)
    i.ADC_InitXYmove                         0x00000ac8   Section        0  adc.o(i.ADC_InitXYmove)
    i.ADC_InitXYshoot                        0x00000bcc   Section        0  adc.o(i.ADC_InitXYshoot)
    i.ConvertX                               0x00000cbc   Section        0  geometrywars.o(i.ConvertX)
    i.ConvertY                               0x00000cd8   Section        0  geometrywars.o(i.ConvertY)
    i.DAC_Init                               0x00000cf4   Section        0  dac.o(i.DAC_Init)
    i.DAC_Out                                0x00000d74   Section        0  dac.o(i.DAC_Out)
    i.Delay100ms                             0x00000d80   Section        0  geometrywars.o(i.Delay100ms)
    i.Delay1ms                               0x00000da4   Section        0  st7735.o(i.Delay1ms)
    i.Draw_Enemy                             0x00000dc4   Section        0  geometrywars.o(i.Draw_Enemy)
    i.Enemy_Move                             0x00000e74   Section        0  geometrywars.o(i.Enemy_Move)
    i.Enemy_Spawn                            0x0000174c   Section        0  geometrywars.o(i.Enemy_Spawn)
    i.Game_Over                              0x00001984   Section        0  geometrywars.o(i.Game_Over)
    i.Missile_Fire                           0x000019d0   Section        0  geometrywars.o(i.Missile_Fire)
    i.Missile_Hit                            0x00001bbc   Section        0  geometrywars.o(i.Missile_Hit)
    i.Missiles_Move                          0x00001d14   Section        0  geometrywars.o(i.Missiles_Move)
    i.Output_Init                            0x00001e7c   Section        0  st7735.o(i.Output_Init)
    i.Player_Hit                             0x00001e8c   Section        0  geometrywars.o(i.Player_Hit)
    i.Player_Init                            0x00001f18   Section        0  geometrywars.o(i.Player_Init)
    i.Player_Move                            0x00001f6c   Section        0  geometrywars.o(i.Player_Move)
    i.Player_Update                          0x0000209c   Section        0  geometrywars.o(i.Player_Update)
    i.PortF_Init                             0x000020e8   Section        0  geometrywars.o(i.PortF_Init)
    i.ST7735_DrawBitmap                      0x00002120   Section        0  st7735.o(i.ST7735_DrawBitmap)
    i.ST7735_DrawCharS                       0x00002240   Section        0  st7735.o(i.ST7735_DrawCharS)
    i.ST7735_DrawPixel                       0x00002334   Section        0  st7735.o(i.ST7735_DrawPixel)
    i.ST7735_DrawString                      0x0000237c   Section        0  st7735.o(i.ST7735_DrawString)
    i.ST7735_FillRect                        0x000023d4   Section        0  st7735.o(i.ST7735_FillRect)
    i.ST7735_FillScreen                      0x00002480   Section        0  st7735.o(i.ST7735_FillScreen)
    i.ST7735_InitR                           0x000024a4   Section        0  st7735.o(i.ST7735_InitR)
    i.ST7735_OutChar                         0x00002520   Section        0  st7735.o(i.ST7735_OutChar)
    i.ST7735_OutString                       0x000025f4   Section        0  st7735.o(i.ST7735_OutString)
    i.ST7735_SetCursor                       0x0000260c   Section        0  st7735.o(i.ST7735_SetCursor)
    i.SysTick_Handler                        0x0000262c   Section        0  geometrywars.o(i.SysTick_Handler)
    i.SysTick_Init                           0x000026b4   Section        0  geometrywars.o(i.SysTick_Init)
    i.Timer0A_Handler                        0x000026e4   Section        0  sound.o(i.Timer0A_Handler)
    i.Timer0A_Init                           0x000026fc   Section        0  sound.o(i.Timer0A_Init)
    i.Timer1A_Handler                        0x00002760   Section        0  timer1.o(i.Timer1A_Handler)
    i.TimerTask                              0x00002778   Section        0  sound.o(i.TimerTask)
    i.XYmove                                 0x0000278c   Section        0  adc.o(i.XYmove)
    i.XYshoot                                0x000027c4   Section        0  adc.o(i.XYshoot)
    i.__ARM_fpclassify                       0x000027fc   Section        0  fpclassify.o(i.__ARM_fpclassify)
    i.__ieee754_rem_pio2                     0x00002824   Section        0  rred.o(i.__ieee754_rem_pio2)
    i.__kernel_cos                           0x00002bac   Section        0  cos_i.o(i.__kernel_cos)
    i.__kernel_poly                          0x00002ca8   Section        0  poly.o(i.__kernel_poly)
    i.__kernel_sin                           0x00002d54   Section        0  sin_i.o(i.__kernel_sin)
    i.__mathlib_dbl_underflow                0x00002e40   Section        0  dunder.o(i.__mathlib_dbl_underflow)
    i.atan                                   0x00002e50   Section        0  atan.o(i.atan)
    i.atan2                                  0x00003074   Section        0  atan2.o(i.atan2)
    i.commandList                            0x000031f4   Section        0  st7735.o(i.commandList)
    commandList                              0x000031f5   Thumb Code    86  st7735.o(i.commandList)
    i.commonInit                             0x0000324c   Section        0  st7735.o(i.commonInit)
    commonInit                               0x0000324d   Thumb Code   340  st7735.o(i.commonInit)
    i.cos                                    0x000033d0   Section        0  cos.o(i.cos)
    i.main                                   0x0000347c   Section        0  geometrywars.o(i.main)
    i.playSound                              0x000036cc   Section        0  sound.o(i.playSound)
    i.pushColor                              0x0000371c   Section        0  st7735.o(i.pushColor)
    pushColor                                0x0000371d   Thumb Code    18  st7735.o(i.pushColor)
    i.round                                  0x00003730   Section        0  round.o(i.round)
    i.setAddrWindow                          0x000037c8   Section        0  st7735.o(i.setAddrWindow)
    setAddrWindow                            0x000037c9   Thumb Code   106  st7735.o(i.setAddrWindow)
    i.sin                                    0x0000383c   Section        0  sin.o(i.sin)
    x$fpl$dadd                               0x000038ec   Section      336  daddsub_clz.o(x$fpl$dadd)
    _dadd1                                   0x000038fd   Thumb Code     0  daddsub_clz.o(x$fpl$dadd)
    x$fpl$dcheck1                            0x00003a3c   Section       16  dcheck1.o(x$fpl$dcheck1)
    x$fpl$dcmpinf                            0x00003a4c   Section       24  dcmpi.o(x$fpl$dcmpinf)
    x$fpl$ddiv                               0x00003a64   Section      688  ddiv.o(x$fpl$ddiv)
    ddiv_entry                               0x00003a6b   Thumb Code     0  ddiv.o(x$fpl$ddiv)
    x$fpl$dfix                               0x00003d14   Section       94  dfix.o(x$fpl$dfix)
    x$fpl$dflt                               0x00003d72   Section       46  dflt_clz.o(x$fpl$dflt)
    x$fpl$dfltu                              0x00003da0   Section       38  dflt_clz.o(x$fpl$dfltu)
    x$fpl$dleqf                              0x00003dc8   Section      120  dleqf.o(x$fpl$dleqf)
    x$fpl$dmul                               0x00003e40   Section      340  dmul.o(x$fpl$dmul)
    x$fpl$dnaninf                            0x00003f94   Section      156  dnaninf.o(x$fpl$dnaninf)
    x$fpl$dretinf                            0x00004030   Section       12  dretinf.o(x$fpl$dretinf)
    x$fpl$drleqf                             0x0000403c   Section      108  drleqf.o(x$fpl$drleqf)
    x$fpl$drnd                               0x000040a8   Section      180  drnd.o(x$fpl$drnd)
    x$fpl$drsb                               0x0000415c   Section       22  daddsub_clz.o(x$fpl$drsb)
    x$fpl$dsub                               0x00004174   Section      468  daddsub_clz.o(x$fpl$dsub)
    _dsub1                                   0x00004185   Thumb Code     0  daddsub_clz.o(x$fpl$dsub)
    x$fpl$retnan                             0x00004348   Section      100  retnan.o(x$fpl$retnan)
    x$fpl$scalbn                             0x000043ac   Section       92  scalbn.o(x$fpl$scalbn)
    x$fpl$trapveneer                         0x00004408   Section       48  trapv.o(x$fpl$trapveneer)
    .constdata                               0x00004438   Section    45127  sound.o(.constdata)
    x$fpl$usenofp                            0x00004438   Section        0  usenofp.o(x$fpl$usenofp)
    .constdata                               0x0000f480   Section    50180  geometrywars.o(.constdata)
    .constdata                               0x0001b884   Section     2018  st7735.o(.constdata)
    Font                                     0x0001b884   Data        1275  st7735.o(.constdata)
    Bcmd                                     0x0001bd7f   Data         103  st7735.o(.constdata)
    Rcmd1                                    0x0001bde6   Data          59  st7735.o(.constdata)
    Rcmd2green                               0x0001be21   Data          13  st7735.o(.constdata)
    Rcmd2red                                 0x0001be2e   Data          13  st7735.o(.constdata)
    Rcmd3                                    0x0001be3b   Data          43  st7735.o(.constdata)
    .constdata                               0x0001c066   Section      240  texas.o(.constdata)
    .constdata                               0x0001c158   Section      152  atan.o(.constdata)
    atanhi                                   0x0001c158   Data          32  atan.o(.constdata)
    atanlo                                   0x0001c178   Data          32  atan.o(.constdata)
    aTodd                                    0x0001c198   Data          40  atan.o(.constdata)
    aTeven                                   0x0001c1c0   Data          48  atan.o(.constdata)
    .constdata                               0x0001c1f0   Section       48  cos_i.o(.constdata)
    C                                        0x0001c1f0   Data          48  cos_i.o(.constdata)
    .constdata                               0x0001c220   Section        8  qnan.o(.constdata)
    .constdata                               0x0001c228   Section      200  rred.o(.constdata)
    pio2s                                    0x0001c228   Data          48  rred.o(.constdata)
    twooverpi                                0x0001c258   Data         152  rred.o(.constdata)
    .constdata                               0x0001c2f0   Section       40  sin_i.o(.constdata)
    S                                        0x0001c2f0   Data          40  sin_i.o(.constdata)
    .data                                    0x20000000   Section        1  dac.o(.data)
    .data                                    0x20000004   Section        4  timer1.o(.data)
    .data                                    0x20000008   Section        8  sound.o(.data)
    n                                        0x20000008   Data           4  sound.o(.data)
    .data                                    0x20000010   Section       88  geometrywars.o(.data)
    .data                                    0x20000068   Section       44  st7735.o(.data)
    _width                                   0x20000072   Data           2  st7735.o(.data)
    _height                                  0x20000074   Data           2  st7735.o(.data)
    ColStart                                 0x2000007c   Data           1  st7735.o(.data)
    RowStart                                 0x2000007d   Data           1  st7735.o(.data)
    Rotation                                 0x2000007e   Data           1  st7735.o(.data)
    TabColor                                 0x2000007f   Data           1  st7735.o(.data)
    .data                                    0x20000094   Section       48  texas.o(.data)
    .bss                                     0x200000c8   Section    21680  geometrywars.o(.bss)
    .bss                                     0x20005578   Section       56  texas.o(.bss)
    .bss                                     0x200055b0   Section      228  rand.o(.bss)
    .bss                                     0x20005694   Section       96  libspace.o(.bss)
    HEAP                                     0x200056f8   Section        0  startup.o(HEAP)
    STACK                                    0x200056f8   Section     1024  startup.o(STACK)
    HeapMem                                  0x200056f8   Data           0  startup.o(HEAP)
    StackMem                                 0x200056f8   Data           0  startup.o(STACK)

    Global Symbols

    Symbol Name                              Value     Ov Type        Size  Object(Section)

    BuildAttributes$$THM_ISAv4$E$P$D$K$B$S$7EM$PE$A:L22UL41UL21$X:L11$S22US41US21$IEEE1$IW$USESV6$~STKCKD$USESV7$~SHL$OTIME$ROPI$IEEEX$EBA8$UX$STANDARDLIB$REQ8$PRES8$EABIv2 0x00000000   Number         0  anon$$obj.o ABSOLUTE
    __ARM_use_no_argv                        0x00000000   Number         0  geometrywars.o ABSOLUTE
    __Vectors                                0x00000000   Data           0  startup.o(RESET)
    __ARM_exceptions_init                     - Undefined Weak Reference
    __alloca_initialize                       - Undefined Weak Reference
    __cpp_initialize__aeabi_                  - Undefined Weak Reference
    __cxa_finalize                            - Undefined Weak Reference
    __rt_locale                               - Undefined Weak Reference
    __sigvec_lookup                           - Undefined Weak Reference
    _atexit_init                              - Undefined Weak Reference
    _call_atexit_fns                          - Undefined Weak Reference
    _clock_init                               - Undefined Weak Reference
    _fp_trap_init                             - Undefined Weak Reference
    _fp_trap_shutdown                         - Undefined Weak Reference
    _get_lc_collate                           - Undefined Weak Reference
    _get_lc_ctype                             - Undefined Weak Reference
    _get_lc_monetary                          - Undefined Weak Reference
    _get_lc_numeric                           - Undefined Weak Reference
    _get_lc_time                              - Undefined Weak Reference
    _getenv_init                              - Undefined Weak Reference
    _handle_redirection                       - Undefined Weak Reference
    _init_alloc                               - Undefined Weak Reference
    _init_user_alloc                          - Undefined Weak Reference
    _initio                                   - Undefined Weak Reference
    _signal_finish                            - Undefined Weak Reference
    _signal_init                              - Undefined Weak Reference
    _terminate_alloc                          - Undefined Weak Reference
    _terminate_user_alloc                     - Undefined Weak Reference
    _terminateio                              - Undefined Weak Reference
    Reset_Handler                            0x0000026d   Thumb Code     0  startup.o(RESET)
    NMI_Handler                              0x00000271   Thumb Code     2  startup.o(RESET)
    HardFault_Handler                        0x00000273   Thumb Code     2  startup.o(RESET)
    MemManage_Handler                        0x00000275   Thumb Code     2  startup.o(RESET)
    BusFault_Handler                         0x00000277   Thumb Code     2  startup.o(RESET)
    UsageFault_Handler                       0x00000279   Thumb Code     2  startup.o(RESET)
    SVC_Handler                              0x0000027b   Thumb Code     2  startup.o(RESET)
    DebugMon_Handler                         0x0000027d   Thumb Code     2  startup.o(RESET)
    PendSV_Handler                           0x0000027f   Thumb Code     2  startup.o(RESET)
    ADC0Seq0_Handler                         0x00000283   Thumb Code     0  startup.o(RESET)
    ADC0Seq1_Handler                         0x00000283   Thumb Code     0  startup.o(RESET)
    ADC0Seq2_Handler                         0x00000283   Thumb Code     0  startup.o(RESET)
    ADC0Seq3_Handler                         0x00000283   Thumb Code     0  startup.o(RESET)
    ADC1Seq0_Handler                         0x00000283   Thumb Code     0  startup.o(RESET)
    ADC1Seq1_Handler                         0x00000283   Thumb Code     0  startup.o(RESET)
    ADC1Seq2_Handler                         0x00000283   Thumb Code     0  startup.o(RESET)
    ADC1Seq3_Handler                         0x00000283   Thumb Code     0  startup.o(RESET)
    CAN0_Handler                             0x00000283   Thumb Code     0  startup.o(RESET)
    CAN1_Handler                             0x00000283   Thumb Code     0  startup.o(RESET)
    CAN2_Handler                             0x00000283   Thumb Code     0  startup.o(RESET)
    Comp0_Handler                            0x00000283   Thumb Code     0  startup.o(RESET)
    Comp1_Handler                            0x00000283   Thumb Code     0  startup.o(RESET)
    Comp2_Handler                            0x00000283   Thumb Code     0  startup.o(RESET)
    Ethernet_Handler                         0x00000283   Thumb Code     0  startup.o(RESET)
    ExtBus_Handler                           0x00000283   Thumb Code     0  startup.o(RESET)
    FPU_Handler                              0x00000283   Thumb Code     0  startup.o(RESET)
    Fan0_Handler                             0x00000283   Thumb Code     0  startup.o(RESET)
    FlashCtl_Handler                         0x00000283   Thumb Code     0  startup.o(RESET)
    GPIOPortA_Handler                        0x00000283   Thumb Code     0  startup.o(RESET)
    GPIOPortB_Handler                        0x00000283   Thumb Code     0  startup.o(RESET)
    GPIOPortC_Handler                        0x00000283   Thumb Code     0  startup.o(RESET)
    GPIOPortD_Handler                        0x00000283   Thumb Code     0  startup.o(RESET)
    GPIOPortE_Handler                        0x00000283   Thumb Code     0  startup.o(RESET)
    GPIOPortF_Handler                        0x00000283   Thumb Code     0  startup.o(RESET)
    GPIOPortG_Handler                        0x00000283   Thumb Code     0  startup.o(RESET)
    GPIOPortH_Handler                        0x00000283   Thumb Code     0  startup.o(RESET)
    GPIOPortJ_Handler                        0x00000283   Thumb Code     0  startup.o(RESET)
    GPIOPortK_Handler                        0x00000283   Thumb Code     0  startup.o(RESET)
    GPIOPortL_Handler                        0x00000283   Thumb Code     0  startup.o(RESET)
    GPIOPortM_Handler                        0x00000283   Thumb Code     0  startup.o(RESET)
    GPIOPortN_Handler                        0x00000283   Thumb Code     0  startup.o(RESET)
    GPIOPortP1_Handler                       0x00000283   Thumb Code     0  startup.o(RESET)
    GPIOPortP2_Handler                       0x00000283   Thumb Code     0  startup.o(RESET)
    GPIOPortP3_Handler                       0x00000283   Thumb Code     0  startup.o(RESET)
    GPIOPortP4_Handler                       0x00000283   Thumb Code     0  startup.o(RESET)
    GPIOPortP5_Handler                       0x00000283   Thumb Code     0  startup.o(RESET)
    GPIOPortP6_Handler                       0x00000283   Thumb Code     0  startup.o(RESET)
    GPIOPortP7_Handler                       0x00000283   Thumb Code     0  startup.o(RESET)
    GPIOPortP_Handler                        0x00000283   Thumb Code     0  startup.o(RESET)
    GPIOPortQ1_Handler                       0x00000283   Thumb Code     0  startup.o(RESET)
    GPIOPortQ2_Handler                       0x00000283   Thumb Code     0  startup.o(RESET)
    GPIOPortQ3_Handler                       0x00000283   Thumb Code     0  startup.o(RESET)
    GPIOPortQ4_Handler                       0x00000283   Thumb Code     0  startup.o(RESET)
    GPIOPortQ5_Handler                       0x00000283   Thumb Code     0  startup.o(RESET)
    GPIOPortQ6_Handler                       0x00000283   Thumb Code     0  startup.o(RESET)
    GPIOPortQ7_Handler                       0x00000283   Thumb Code     0  startup.o(RESET)
    GPIOPortQ_Handler                        0x00000283   Thumb Code     0  startup.o(RESET)
    GPIOPortR_Handler                        0x00000283   Thumb Code     0  startup.o(RESET)
    GPIOPortS_Handler                        0x00000283   Thumb Code     0  startup.o(RESET)
    Hibernate_Handler                        0x00000283   Thumb Code     0  startup.o(RESET)
    I2C0_Handler                             0x00000283   Thumb Code     0  startup.o(RESET)
    I2C1_Handler                             0x00000283   Thumb Code     0  startup.o(RESET)
    I2C2_Handler                             0x00000283   Thumb Code     0  startup.o(RESET)
    I2C3_Handler                             0x00000283   Thumb Code     0  startup.o(RESET)
    I2C4_Handler                             0x00000283   Thumb Code     0  startup.o(RESET)
    I2C5_Handler                             0x00000283   Thumb Code     0  startup.o(RESET)
    I2S0_Handler                             0x00000283   Thumb Code     0  startup.o(RESET)
    LPC0_Handler                             0x00000283   Thumb Code     0  startup.o(RESET)
    PECI0_Handler                            0x00000283   Thumb Code     0  startup.o(RESET)
    PWM0Fault_Handler                        0x00000283   Thumb Code     0  startup.o(RESET)
    PWM0Generator0_Handler                   0x00000283   Thumb Code     0  startup.o(RESET)
    PWM0Generator1_Handler                   0x00000283   Thumb Code     0  startup.o(RESET)
    PWM0Generator2_Handler                   0x00000283   Thumb Code     0  startup.o(RESET)
    PWM0Generator3_Handler                   0x00000283   Thumb Code     0  startup.o(RESET)
    PWM1Fault_Handler                        0x00000283   Thumb Code     0  startup.o(RESET)
    PWM1Generator0_Handler                   0x00000283   Thumb Code     0  startup.o(RESET)
    PWM1Generator1_Handler                   0x00000283   Thumb Code     0  startup.o(RESET)
    PWM1Generator2_Handler                   0x00000283   Thumb Code     0  startup.o(RESET)
    PWM1Generator3_Handler                   0x00000283   Thumb Code     0  startup.o(RESET)
    Quadrature0_Handler                      0x00000283   Thumb Code     0  startup.o(RESET)
    Quadrature1_Handler                      0x00000283   Thumb Code     0  startup.o(RESET)
    Quadrature2_Handler                      0x00000283   Thumb Code     0  startup.o(RESET)
    SSI0_Handler                             0x00000283   Thumb Code     0  startup.o(RESET)
    SSI1_Handler                             0x00000283   Thumb Code     0  startup.o(RESET)
    SSI2_Handler                             0x00000283   Thumb Code     0  startup.o(RESET)
    SSI3_Handler                             0x00000283   Thumb Code     0  startup.o(RESET)
    SysCtl_Handler                           0x00000283   Thumb Code     0  startup.o(RESET)
    Timer0B_Handler                          0x00000283   Thumb Code     0  startup.o(RESET)
    Timer1B_Handler                          0x00000283   Thumb Code     0  startup.o(RESET)
    Timer2A_Handler                          0x00000283   Thumb Code     0  startup.o(RESET)
    Timer2B_Handler                          0x00000283   Thumb Code     0  startup.o(RESET)
    Timer3A_Handler                          0x00000283   Thumb Code     0  startup.o(RESET)
    Timer3B_Handler                          0x00000283   Thumb Code     0  startup.o(RESET)
    Timer4B_Handler                          0x00000283   Thumb Code     0  startup.o(RESET)
    Timer5B_Handler                          0x00000283   Thumb Code     0  startup.o(RESET)
    UART0_Handler                            0x00000283   Thumb Code     0  startup.o(RESET)
    UART1_Handler                            0x00000283   Thumb Code     0  startup.o(RESET)
    UART2_Handler                            0x00000283   Thumb Code     0  startup.o(RESET)
    UART3_Handler                            0x00000283   Thumb Code     0  startup.o(RESET)
    UART4_Handler                            0x00000283   Thumb Code     0  startup.o(RESET)
    UART5_Handler                            0x00000283   Thumb Code     0  startup.o(RESET)
    UART6_Handler                            0x00000283   Thumb Code     0  startup.o(RESET)
    UART7_Handler                            0x00000283   Thumb Code     0  startup.o(RESET)
    USB0_Handler                             0x00000283   Thumb Code     0  startup.o(RESET)
    WDT_Handler                              0x00000283   Thumb Code     0  startup.o(RESET)
    WideTimer0A_Handler                      0x00000283   Thumb Code     0  startup.o(RESET)
    WideTimer0B_Handler                      0x00000283   Thumb Code     0  startup.o(RESET)
    WideTimer1A_Handler                      0x00000283   Thumb Code     0  startup.o(RESET)
    WideTimer1B_Handler                      0x00000283   Thumb Code     0  startup.o(RESET)
    WideTimer2A_Handler                      0x00000283   Thumb Code     0  startup.o(RESET)
    WideTimer2B_Handler                      0x00000283   Thumb Code     0  startup.o(RESET)
    WideTimer3A_Handler                      0x00000283   Thumb Code     0  startup.o(RESET)
    WideTimer3B_Handler                      0x00000283   Thumb Code     0  startup.o(RESET)
    WideTimer4A_Handler                      0x00000283   Thumb Code     0  startup.o(RESET)
    WideTimer4B_Handler                      0x00000283   Thumb Code     0  startup.o(RESET)
    WideTimer5A_Handler                      0x00000283   Thumb Code     0  startup.o(RESET)
    WideTimer5B_Handler                      0x00000283   Thumb Code     0  startup.o(RESET)
    uDMA_Error                               0x00000283   Thumb Code     0  startup.o(RESET)
    uDMA_Handler                             0x00000283   Thumb Code     0  startup.o(RESET)
    __main                                   0x00000285   Thumb Code     8  __main.o(!!!main)
    __scatterload                            0x0000028d   Thumb Code     0  __scatter.o(!!!scatter)
    __scatterload_rt2                        0x0000028d   Thumb Code    44  __scatter.o(!!!scatter)
    __scatterload_rt2_thumb_only             0x0000028d   Thumb Code     0  __scatter.o(!!!scatter)
    __scatterload_null                       0x0000029b   Thumb Code     0  __scatter.o(!!!scatter)
    __scatterload_copy                       0x000002c1   Thumb Code    26  __scatter_copy.o(!!handler_copy)
    __scatterload_zeroinit                   0x000002dd   Thumb Code    28  __scatter_zi.o(!!handler_zi)
    __rt_lib_init                            0x000002f9   Thumb Code     0  libinit.o(.ARM.Collect$$libinit$$00000000)
    __rt_lib_init_fp_1                       0x000002fb   Thumb Code     0  libinit2.o(.ARM.Collect$$libinit$$00000002)
    __rt_lib_init_heap_1                     0x000002fb   Thumb Code     0  libinit2.o(.ARM.Collect$$libinit$$00000008)
    __rt_lib_init_rand_2                     0x000002fb   Thumb Code     0  libinit2.o(.ARM.Collect$$libinit$$0000000B)
    __rt_lib_init_user_alloc_1               0x000002fb   Thumb Code     0  libinit2.o(.ARM.Collect$$libinit$$0000000A)
    __rt_lib_init_alloca_1                   0x000002ff   Thumb Code     0  libinit2.o(.ARM.Collect$$libinit$$0000002C)
    __rt_lib_init_argv_1                     0x000002ff   Thumb Code     0  libinit2.o(.ARM.Collect$$libinit$$0000002A)
    __rt_lib_init_atexit_1                   0x000002ff   Thumb Code     0  libinit2.o(.ARM.Collect$$libinit$$00000019)
    __rt_lib_init_clock_1                    0x000002ff   Thumb Code     0  libinit2.o(.ARM.Collect$$libinit$$0000001F)
    __rt_lib_init_cpp_1                      0x000002ff   Thumb Code     0  libinit2.o(.ARM.Collect$$libinit$$00000030)
    __rt_lib_init_exceptions_1               0x000002ff   Thumb Code     0  libinit2.o(.ARM.Collect$$libinit$$0000002E)
    __rt_lib_init_fp_trap_1                  0x000002ff   Thumb Code     0  libinit2.o(.ARM.Collect$$libinit$$0000001D)
    __rt_lib_init_getenv_1                   0x000002ff   Thumb Code     0  libinit2.o(.ARM.Collect$$libinit$$00000021)
    __rt_lib_init_lc_collate_1               0x000002ff   Thumb Code     0  libinit2.o(.ARM.Collect$$libinit$$0000000F)
    __rt_lib_init_lc_ctype_1                 0x000002ff   Thumb Code     0  libinit2.o(.ARM.Collect$$libinit$$00000011)
    __rt_lib_init_lc_monetary_1              0x000002ff   Thumb Code     0  libinit2.o(.ARM.Collect$$libinit$$00000013)
    __rt_lib_init_lc_numeric_1               0x000002ff   Thumb Code     0  libinit2.o(.ARM.Collect$$libinit$$00000015)
    __rt_lib_init_lc_time_1                  0x000002ff   Thumb Code     0  libinit2.o(.ARM.Collect$$libinit$$00000017)
    __rt_lib_init_rand_1                     0x000002ff   Thumb Code     0  libinit2.o(.ARM.Collect$$libinit$$0000000C)
    __rt_lib_init_return                     0x000002ff   Thumb Code     0  libinit2.o(.ARM.Collect$$libinit$$00000031)
    __rt_lib_init_signal_1                   0x000002ff   Thumb Code     0  libinit2.o(.ARM.Collect$$libinit$$0000001B)
    __rt_lib_init_stdio_1                    0x000002ff   Thumb Code     0  libinit2.o(.ARM.Collect$$libinit$$00000023)
    __rt_lib_shutdown                        0x00000301   Thumb Code     0  libshutdown.o(.ARM.Collect$$libshutdown$$00000000)
    __rt_lib_shutdown_fp_trap_1              0x00000303   Thumb Code     0  libshutdown2.o(.ARM.Collect$$libshutdown$$00000006)
    __rt_lib_shutdown_heap_1                 0x00000303   Thumb Code     0  libshutdown2.o(.ARM.Collect$$libshutdown$$0000000E)
    __rt_lib_shutdown_return                 0x00000303   Thumb Code     0  libshutdown2.o(.ARM.Collect$$libshutdown$$0000000F)
    __rt_lib_shutdown_signal_1               0x00000303   Thumb Code     0  libshutdown2.o(.ARM.Collect$$libshutdown$$00000009)
    __rt_lib_shutdown_stdio_1                0x00000303   Thumb Code     0  libshutdown2.o(.ARM.Collect$$libshutdown$$00000003)
    __rt_lib_shutdown_user_alloc_1           0x00000303   Thumb Code     0  libshutdown2.o(.ARM.Collect$$libshutdown$$0000000B)
    __rt_entry                               0x00000305   Thumb Code     0  rtentry.o(.ARM.Collect$$rtentry$$00000000)
    __rt_entry_presh_1                       0x00000305   Thumb Code     0  rtentry2.o(.ARM.Collect$$rtentry$$00000002)
    __rt_entry_sh                            0x00000305   Thumb Code     0  rtentry4.o(.ARM.Collect$$rtentry$$00000004)
    __rt_entry_li                            0x0000030b   Thumb Code     0  rtentry2.o(.ARM.Collect$$rtentry$$0000000A)
    __rt_entry_postsh_1                      0x0000030b   Thumb Code     0  rtentry2.o(.ARM.Collect$$rtentry$$00000009)
    __rt_entry_main                          0x0000030f   Thumb Code     0  rtentry2.o(.ARM.Collect$$rtentry$$0000000D)
    __rt_entry_postli_1                      0x0000030f   Thumb Code     0  rtentry2.o(.ARM.Collect$$rtentry$$0000000C)
    __rt_exit                                0x00000317   Thumb Code     0  rtexit.o(.ARM.Collect$$rtexit$$00000000)
    __rt_exit_ls                             0x00000319   Thumb Code     0  rtexit2.o(.ARM.Collect$$rtexit$$00000003)
    __rt_exit_prels_1                        0x00000319   Thumb Code     0  rtexit2.o(.ARM.Collect$$rtexit$$00000002)
    __rt_exit_exit                           0x0000031d   Thumb Code     0  rtexit2.o(.ARM.Collect$$rtexit$$00000004)
    rand                                     0x00000325   Thumb Code    48  rand.o(.emb_text)
    DisableInterrupts                        0x00000359   Thumb Code     0  startup.o(.text)
    EnableInterrupts                         0x0000035d   Thumb Code     0  startup.o(.text)
    StartCritical                            0x00000361   Thumb Code     0  startup.o(.text)
    EndCritical                              0x00000369   Thumb Code     0  startup.o(.text)
    WaitForInterrupt                         0x0000036f   Thumb Code     0  startup.o(.text)
    __user_initial_stackheap                 0x00000373   Thumb Code     0  startup.o(.text)
    writecommand                             0x00000389   Thumb Code     0  lcd.o(.text)
    writedata                                0x000003b5   Thumb Code     0  lcd.o(.text)
    LCD_OutDec                               0x000003e1   Thumb Code     0  print.o(.text)
    LCD_OutFix                               0x0000040f   Thumb Code     0  print.o(.text)
    ADC1_Init                                0x000004f9   Thumb Code   170  texas.o(.text)
    SetCode                                  0x000005a3   Thumb Code    20  texas.o(.text)
    UART0_Init                               0x000005b7   Thumb Code   162  texas.o(.text)
    SetCourse                                0x00000659   Thumb Code    22  texas.o(.text)
    PLL_Init                                 0x0000066f   Thumb Code   118  texas.o(.text)
    TExaS_Init                               0x000006e5   Thumb Code   282  texas.o(.text)
    StopTimer4                               0x000007ff   Thumb Code    16  texas.o(.text)
    StartTimer4                              0x0000080f   Thumb Code    24  texas.o(.text)
    Timer4A_Handler                          0x00000827   Thumb Code    20  texas.o(.text)
    ADC1_In                                  0x0000083b   Thumb Code     6  texas.o(.text)
    Timer5A_Handler                          0x00000841   Thumb Code    34  texas.o(.text)
    TExaS_Stop                               0x00000863   Thumb Code    18  texas.o(.text)
    copy                                     0x00000875   Thumb Code    16  texas.o(.text)
    SetMode                                  0x00000885   Thumb Code    22  texas.o(.text)
    UART0_InChar                             0x0000089b   Thumb Code    20  texas.o(.text)
    UART0_InCharNonBlocking                  0x000008af   Thumb Code    22  texas.o(.text)
    UART0_OutChar                            0x000008c5   Thumb Code   200  texas.o(.text)
    UART0_OutCharNonBlock                    0x0000098d   Thumb Code     6  texas.o(.text)
    srand                                    0x00000999   Thumb Code    42  rand.o(.text)
    _rand_init                               0x000009c3   Thumb Code     4  rand.o(.text)
    __aeabi_memcpy4                          0x000009d5   Thumb Code     0  rt_memcpy_w.o(.text)
    __aeabi_memcpy8                          0x000009d5   Thumb Code     0  rt_memcpy_w.o(.text)
    __rt_memcpy_w                            0x000009d5   Thumb Code   100  rt_memcpy_w.o(.text)
    _memcpy_lastbytes_aligned                0x00000a1d   Thumb Code     0  rt_memcpy_w.o(.text)
    __use_two_region_memory                  0x00000a39   Thumb Code     2  heapauxi.o(.text)
    __rt_heap_escrow$2region                 0x00000a3b   Thumb Code     2  heapauxi.o(.text)
    __rt_heap_expand$2region                 0x00000a3d   Thumb Code     2  heapauxi.o(.text)
    __read_errno                             0x00000a3f   Thumb Code    10  _rserrno.o(.text)
    __set_errno                              0x00000a49   Thumb Code    12  _rserrno.o(.text)
    __aeabi_errno_addr                       0x00000a55   Thumb Code     8  rt_errno_addr_intlibspace.o(.text)
    __errno$intlibspace                      0x00000a55   Thumb Code     0  rt_errno_addr_intlibspace.o(.text)
    __rt_errno_addr$intlibspace              0x00000a55   Thumb Code     0  rt_errno_addr_intlibspace.o(.text)
    __user_libspace                          0x00000a5d   Thumb Code     8  libspace.o(.text)
    __user_perproc_libspace                  0x00000a5d   Thumb Code     0  libspace.o(.text)
    __user_perthread_libspace                0x00000a5d   Thumb Code     0  libspace.o(.text)
    __user_setup_stackheap                   0x00000a65   Thumb Code    74  sys_stackheap_outer.o(.text)
    exit                                     0x00000aaf   Thumb Code    12  exit.o(.text)
    __I$use$semihosting                      0x00000abb   Thumb Code     0  use_no_semi.o(.text)
    __use_no_semihosting_swi                 0x00000abb   Thumb Code     2  use_no_semi.o(.text)
    __semihosting_library_function           0x00000abd   Thumb Code     0  indicate_semi.o(.text)
    _sys_exit                                0x00000abd   Thumb Code     8  sys_exit.o(.text)
    ADC_InitXYmove                           0x00000ac9   Thumb Code   216  adc.o(i.ADC_InitXYmove)
    ADC_InitXYshoot                          0x00000bcd   Thumb Code   194  adc.o(i.ADC_InitXYshoot)
    ConvertX                                 0x00000cbd   Thumb Code    22  geometrywars.o(i.ConvertX)
    ConvertY                                 0x00000cd9   Thumb Code    22  geometrywars.o(i.ConvertY)
    DAC_Init                                 0x00000cf5   Thumb Code   112  dac.o(i.DAC_Init)
    DAC_Out                                  0x00000d75   Thumb Code     6  dac.o(i.DAC_Out)
    Delay100ms                               0x00000d81   Thumb Code    30  geometrywars.o(i.Delay100ms)
    Delay1ms                                 0x00000da5   Thumb Code    32  st7735.o(i.Delay1ms)
    Draw_Enemy                               0x00000dc5   Thumb Code   154  geometrywars.o(i.Draw_Enemy)
    Enemy_Move                               0x00000e75   Thumb Code  2260  geometrywars.o(i.Enemy_Move)
    Enemy_Spawn                              0x0000174d   Thumb Code   558  geometrywars.o(i.Enemy_Spawn)
    Game_Over                                0x00001985   Thumb Code    54  geometrywars.o(i.Game_Over)
    Missile_Fire                             0x000019d1   Thumb Code   472  geometrywars.o(i.Missile_Fire)
    Missile_Hit                              0x00001bbd   Thumb Code   330  geometrywars.o(i.Missile_Hit)
    Missiles_Move                            0x00001d15   Thumb Code   342  geometrywars.o(i.Missiles_Move)
    Output_Init                              0x00001e7d   Thumb Code    16  st7735.o(i.Output_Init)
    Player_Hit                               0x00001e8d   Thumb Code   132  geometrywars.o(i.Player_Hit)
    Player_Init                              0x00001f19   Thumb Code    68  geometrywars.o(i.Player_Init)
    Player_Move                              0x00001f6d   Thumb Code   290  geometrywars.o(i.Player_Move)
    Player_Update                            0x0000209d   Thumb Code    60  geometrywars.o(i.Player_Update)
    PortF_Init                               0x000020e9   Thumb Code    42  geometrywars.o(i.PortF_Init)
    ST7735_DrawBitmap                        0x00002121   Thumb Code   280  st7735.o(i.ST7735_DrawBitmap)
    ST7735_DrawCharS                         0x00002241   Thumb Code   232  st7735.o(i.ST7735_DrawCharS)
    ST7735_DrawPixel                         0x00002335   Thumb Code    64  st7735.o(i.ST7735_DrawPixel)
    ST7735_DrawString                        0x0000237d   Thumb Code    86  st7735.o(i.ST7735_DrawString)
    ST7735_FillRect                          0x000023d5   Thumb Code   164  st7735.o(i.ST7735_FillRect)
    ST7735_FillScreen                        0x00002481   Thumb Code    28  st7735.o(i.ST7735_FillScreen)
    ST7735_InitR                             0x000024a5   Thumb Code    90  st7735.o(i.ST7735_InitR)
    ST7735_OutChar                           0x00002521   Thumb Code   176  st7735.o(i.ST7735_OutChar)
    ST7735_OutString                         0x000025f5   Thumb Code    24  st7735.o(i.ST7735_OutString)
    ST7735_SetCursor                         0x0000260d   Thumb Code    22  st7735.o(i.ST7735_SetCursor)
    SysTick_Handler                          0x0000262d   Thumb Code    98  geometrywars.o(i.SysTick_Handler)
    SysTick_Init                             0x000026b5   Thumb Code    42  geometrywars.o(i.SysTick_Init)
    Timer0A_Handler                          0x000026e5   Thumb Code    16  sound.o(i.Timer0A_Handler)
    Timer0A_Init                             0x000026fd   Thumb Code    78  sound.o(i.Timer0A_Init)
    Timer1A_Handler                          0x00002761   Thumb Code    16  timer1.o(i.Timer1A_Handler)
    TimerTask                                0x00002779   Thumb Code    16  sound.o(i.TimerTask)
    XYmove                                   0x0000278d   Thumb Code    48  adc.o(i.XYmove)
    XYshoot                                  0x000027c5   Thumb Code    48  adc.o(i.XYshoot)
    __ARM_fpclassify                         0x000027fd   Thumb Code    40  fpclassify.o(i.__ARM_fpclassify)
    __ieee754_rem_pio2                       0x00002825   Thumb Code   832  rred.o(i.__ieee754_rem_pio2)
    __kernel_cos                             0x00002bad   Thumb Code   230  cos_i.o(i.__kernel_cos)
    __kernel_poly                            0x00002ca9   Thumb Code   170  poly.o(i.__kernel_poly)
    __kernel_sin                             0x00002d55   Thumb Code   224  sin_i.o(i.__kernel_sin)
    __mathlib_dbl_underflow                  0x00002e41   Thumb Code    10  dunder.o(i.__mathlib_dbl_underflow)
    atan                                     0x00002e51   Thumb Code   478  atan.o(i.atan)
    atan2                                    0x00003075   Thumb Code   346  atan2.o(i.atan2)
    cos                                      0x000033d1   Thumb Code   164  cos.o(i.cos)
    main                                     0x0000347d   Thumb Code   506  geometrywars.o(i.main)
    playSound                                0x000036cd   Thumb Code    70  sound.o(i.playSound)
    round                                    0x00003731   Thumb Code   138  round.o(i.round)
    sin                                      0x0000383d   Thumb Code   166  sin.o(i.sin)
    __aeabi_dadd                             0x000038ed   Thumb Code     0  daddsub_clz.o(x$fpl$dadd)
    _dadd                                    0x000038ed   Thumb Code   332  daddsub_clz.o(x$fpl$dadd)
    __fpl_dcheck_NaN1                        0x00003a3d   Thumb Code    10  dcheck1.o(x$fpl$dcheck1)
    __fpl_dcmp_Inf                           0x00003a4d   Thumb Code    24  dcmpi.o(x$fpl$dcmpinf)
    __aeabi_ddiv                             0x00003a65   Thumb Code     0  ddiv.o(x$fpl$ddiv)
    _ddiv                                    0x00003a65   Thumb Code   552  ddiv.o(x$fpl$ddiv)
    __aeabi_d2iz                             0x00003d15   Thumb Code     0  dfix.o(x$fpl$dfix)
    _dfix                                    0x00003d15   Thumb Code    94  dfix.o(x$fpl$dfix)
    __aeabi_i2d                              0x00003d73   Thumb Code     0  dflt_clz.o(x$fpl$dflt)
    _dflt                                    0x00003d73   Thumb Code    46  dflt_clz.o(x$fpl$dflt)
    __aeabi_ui2d                             0x00003da1   Thumb Code     0  dflt_clz.o(x$fpl$dfltu)
    _dfltu                                   0x00003da1   Thumb Code    38  dflt_clz.o(x$fpl$dfltu)
    __aeabi_cdcmple                          0x00003dc9   Thumb Code     0  dleqf.o(x$fpl$dleqf)
    _dcmple                                  0x00003dc9   Thumb Code   120  dleqf.o(x$fpl$dleqf)
    __fpl_dcmple_InfNaN                      0x00003e2b   Thumb Code     0  dleqf.o(x$fpl$dleqf)
    __aeabi_dmul                             0x00003e41   Thumb Code     0  dmul.o(x$fpl$dmul)
    _dmul                                    0x00003e41   Thumb Code   332  dmul.o(x$fpl$dmul)
    __fpl_dnaninf                            0x00003f95   Thumb Code   156  dnaninf.o(x$fpl$dnaninf)
    __fpl_dretinf                            0x00004031   Thumb Code    12  dretinf.o(x$fpl$dretinf)
    __aeabi_cdrcmple                         0x0000403d   Thumb Code     0  drleqf.o(x$fpl$drleqf)
    _drcmple                                 0x0000403d   Thumb Code   108  drleqf.o(x$fpl$drleqf)
    _drnd                                    0x000040a9   Thumb Code   180  drnd.o(x$fpl$drnd)
    __aeabi_drsub                            0x0000415d   Thumb Code     0  daddsub_clz.o(x$fpl$drsb)
    _drsb                                    0x0000415d   Thumb Code    22  daddsub_clz.o(x$fpl$drsb)
    __aeabi_dsub                             0x00004175   Thumb Code     0  daddsub_clz.o(x$fpl$dsub)
    _dsub                                    0x00004175   Thumb Code   464  daddsub_clz.o(x$fpl$dsub)
    __fpl_return_NaN                         0x00004349   Thumb Code   100  retnan.o(x$fpl$retnan)
    __ARM_scalbn                             0x000043ad   Thumb Code    92  scalbn.o(x$fpl$scalbn)
    __fpl_cmpreturn                          0x00004409   Thumb Code    48  trapv.o(x$fpl$trapveneer)
    BG                                       0x00004438   Data       45127  sound.o(.constdata)
    __I$use$fp                               0x00004438   Number         0  usenofp.o(x$fpl$usenofp)
    Player                                   0x0000f480   Data         640  geometrywars.o(.constdata)
    Pink                                     0x0000f700   Data         180  geometrywars.o(.constdata)
    Purple                                   0x0000f7b4   Data         200  geometrywars.o(.constdata)
    Green                                    0x0000f87c   Data         180  geometrywars.o(.constdata)
    Circle                                   0x0000f930   Data         200  geometrywars.o(.constdata)
    Triangle                                 0x0000f9f8   Data         180  geometrywars.o(.constdata)
    GameOver                                 0x0000faac   Data        7590  geometrywars.o(.constdata)
    bms                                      0x00011852   Data       40960  geometrywars.o(.constdata)
    Missiles                                 0x0001b852   Data          50  geometrywars.o(.constdata)
    dBfs                                     0x0001be66   Data         512  st7735.o(.constdata)
    InputPortMsg                             0x0001c066   Data          40  texas.o(.constdata)
    OutputPortMsg                            0x0001c08e   Data          40  texas.o(.constdata)
    BlankMsg                                 0x0001c0b6   Data          40  texas.o(.constdata)
    InitializedMsg                           0x0001c0de   Data          40  texas.o(.constdata)
    IntroMsg                                 0x0001c106   Data          40  texas.o(.constdata)
    DoneMsg                                  0x0001c12e   Data          40  texas.o(.constdata)
    __mathlib_zero                           0x0001c220   Data           8  qnan.o(.constdata)
    Region$$Table$$Base                      0x0001c318   Number         0  anon$$obj.o(Region$$Table)
    Region$$Table$$Limit                     0x0001c338   Number         0  anon$$obj.o(Region$$Table)
    x                                        0x20000000   Data           1  dac.o(.data)
    PeriodicTask1                            0x20000004   Data           4  timer1.o(.data)
    PeriodicTask                             0x2000000c   Data           4  sound.o(.data)
    num_enemies                              0x20000010   Data           4  geometrywars.o(.data)
    enemy_freq                               0x20000014   Data           4  geometrywars.o(.data)
    freq_ct                                  0x20000018   Data           4  geometrywars.o(.data)
    missile_delay                            0x2000001c   Data           4  geometrywars.o(.data)
    DataXm                                   0x20000020   Data           4  geometrywars.o(.data)
    DataYm                                   0x20000024   Data           4  geometrywars.o(.data)
    DataXs                                   0x20000028   Data           4  geometrywars.o(.data)
    DataYs                                   0x2000002c   Data           4  geometrywars.o(.data)
    PositionXm                               0x20000030   Data           4  geometrywars.o(.data)
    PositionYm                               0x20000034   Data           4  geometrywars.o(.data)
    PositionXs                               0x20000038   Data           4  geometrywars.o(.data)
    PositionYs                               0x2000003c   Data           4  geometrywars.o(.data)
    ADCStatus                                0x20000040   Data           4  geometrywars.o(.data)
    ADCXm                                    0x20000044   Data           4  geometrywars.o(.data)
    ADCYm                                    0x20000048   Data           4  geometrywars.o(.data)
    ADCXs                                    0x2000004c   Data           4  geometrywars.o(.data)
    ADCYs                                    0x20000050   Data           4  geometrywars.o(.data)
    XYm                                      0x20000054   Data           8  geometrywars.o(.data)
    XYs                                      0x2000005c   Data           8  geometrywars.o(.data)
    num_missiles                             0x20000064   Data           4  geometrywars.o(.data)
    StX                                      0x20000068   Data           4  st7735.o(.data)
    StY                                      0x2000006c   Data           4  st7735.o(.data)
    StTextColor                              0x20000070   Data           2  st7735.o(.data)
    lastj                                    0x20000078   Data           4  st7735.o(.data)
    Messageindex                             0x20000080   Data           4  st7735.o(.data)
    Ymax                                     0x20000084   Data           4  st7735.o(.data)
    Ymin                                     0x20000088   Data           4  st7735.o(.data)
    X                                        0x2000008c   Data           4  st7735.o(.data)
    Yrange                                   0x20000090   Data           4  st7735.o(.data)
    TExaS_Period                             0x20000094   Data           4  texas.o(.data)
    TExaS_Ports                              0x20000098   Data           8  texas.o(.data)
    TExaS_Meter                              0x200000a0   Data           4  texas.o(.data)
    ADCnum                                   0x200000a4   Data           4  texas.o(.data)
    LastMode                                 0x200000a8   Data           4  texas.o(.data)
    bFlag                                    0x200000ac   Data           4  texas.o(.data)
    Count                                    0x200000b0   Data           4  texas.o(.data)
    DelayBetweenTests                        0x200000b4   Data           4  texas.o(.data)
    TExaS_Test                               0x200000b8   Data           4  texas.o(.data)
    ScopeMode                                0x200000bc   Data           4  texas.o(.data)
    ScopeCount                               0x200000c0   Data           4  texas.o(.data)
    enemies                                  0x200000c8   Data        1680  geometrywars.o(.bss)
    missiles                                 0x20000758   Data       20000  geometrywars.o(.bss)
    TExaS                                    0x20005578   Data          56  texas.o(.bss)
    _random_number_data                      0x200055b0   Data         228  rand.o(.bss)
    __libspace_start                         0x20005694   Data          96  libspace.o(.bss)
    __temporary_stack_top$libspace           0x200056f4   Data           0  libspace.o(.bss)



==============================================================================

Memory Map of the image

  Image Entry point : 0x0000026d

  Load Region LR_1 (Base: 0x00000000, Size: 0x0001c3fc, Max: 0xffffffff, ABSOLUTE)

    Execution Region ER_RO (Base: 0x00000000, Size: 0x0001c338, Max: 0xffffffff, ABSOLUTE)

    Base Addr    Size         Type   Attr      Idx    E Section Name        Object

    0x00000000   0x00000284   Code   RO            3  * RESET               startup.o
    0x00000284   0x00000008   Code   RO          589  * !!!main             c_w.l(__main.o)
    0x0000028c   0x00000034   Code   RO          850    !!!scatter          c_w.l(__scatter.o)
    0x000002c0   0x0000001a   Code   RO          852    !!handler_copy      c_w.l(__scatter_copy.o)
    0x000002da   0x00000002   PAD
    0x000002dc   0x0000001c   Code   RO          854    !!handler_zi        c_w.l(__scatter_zi.o)
    0x000002f8   0x00000002   Code   RO          773    .ARM.Collect$$libinit$$00000000  c_w.l(libinit.o)
    0x000002fa   0x00000000   Code   RO          639    .ARM.Collect$$libinit$$00000002  c_w.l(libinit2.o)
    0x000002fa   0x00000000   Code   RO          642    .ARM.Collect$$libinit$$00000008  c_w.l(libinit2.o)
    0x000002fa   0x00000000   Code   RO          644    .ARM.Collect$$libinit$$0000000A  c_w.l(libinit2.o)
    0x000002fa   0x00000004   Code   RO          645    .ARM.Collect$$libinit$$0000000B  c_w.l(libinit2.o)
    0x000002fe   0x00000000   Code   RO          646    .ARM.Collect$$libinit$$0000000C  c_w.l(libinit2.o)
    0x000002fe   0x00000000   Code   RO          649    .ARM.Collect$$libinit$$0000000F  c_w.l(libinit2.o)
    0x000002fe   0x00000000   Code   RO          651    .ARM.Collect$$libinit$$00000011  c_w.l(libinit2.o)
    0x000002fe   0x00000000   Code   RO          653    .ARM.Collect$$libinit$$00000013  c_w.l(libinit2.o)
    0x000002fe   0x00000000   Code   RO          655    .ARM.Collect$$libinit$$00000015  c_w.l(libinit2.o)
    0x000002fe   0x00000000   Code   RO          657    .ARM.Collect$$libinit$$00000017  c_w.l(libinit2.o)
    0x000002fe   0x00000000   Code   RO          659    .ARM.Collect$$libinit$$00000019  c_w.l(libinit2.o)
    0x000002fe   0x00000000   Code   RO          661    .ARM.Collect$$libinit$$0000001B  c_w.l(libinit2.o)
    0x000002fe   0x00000000   Code   RO          663    .ARM.Collect$$libinit$$0000001D  c_w.l(libinit2.o)
    0x000002fe   0x00000000   Code   RO          665    .ARM.Collect$$libinit$$0000001F  c_w.l(libinit2.o)
    0x000002fe   0x00000000   Code   RO          667    .ARM.Collect$$libinit$$00000021  c_w.l(libinit2.o)
    0x000002fe   0x00000000   Code   RO          669    .ARM.Collect$$libinit$$00000023  c_w.l(libinit2.o)
    0x000002fe   0x00000000   Code   RO          673    .ARM.Collect$$libinit$$0000002A  c_w.l(libinit2.o)
    0x000002fe   0x00000000   Code   RO          675    .ARM.Collect$$libinit$$0000002C  c_w.l(libinit2.o)
    0x000002fe   0x00000000   Code   RO          677    .ARM.Collect$$libinit$$0000002E  c_w.l(libinit2.o)
    0x000002fe   0x00000000   Code   RO          679    .ARM.Collect$$libinit$$00000030  c_w.l(libinit2.o)
    0x000002fe   0x00000002   Code   RO          680    .ARM.Collect$$libinit$$00000031  c_w.l(libinit2.o)
    0x00000300   0x00000002   Code   RO          812    .ARM.Collect$$libshutdown$$00000000  c_w.l(libshutdown.o)
    0x00000302   0x00000000   Code   RO          819    .ARM.Collect$$libshutdown$$00000003  c_w.l(libshutdown2.o)
    0x00000302   0x00000000   Code   RO          822    .ARM.Collect$$libshutdown$$00000006  c_w.l(libshutdown2.o)
    0x00000302   0x00000000   Code   RO          825    .ARM.Collect$$libshutdown$$00000009  c_w.l(libshutdown2.o)
    0x00000302   0x00000000   Code   RO          827    .ARM.Collect$$libshutdown$$0000000B  c_w.l(libshutdown2.o)
    0x00000302   0x00000000   Code   RO          830    .ARM.Collect$$libshutdown$$0000000E  c_w.l(libshutdown2.o)
    0x00000302   0x00000002   Code   RO          831    .ARM.Collect$$libshutdown$$0000000F  c_w.l(libshutdown2.o)
    0x00000304   0x00000000   Code   RO          635    .ARM.Collect$$rtentry$$00000000  c_w.l(rtentry.o)
    0x00000304   0x00000000   Code   RO          724    .ARM.Collect$$rtentry$$00000002  c_w.l(rtentry2.o)
    0x00000304   0x00000006   Code   RO          736    .ARM.Collect$$rtentry$$00000004  c_w.l(rtentry4.o)
    0x0000030a   0x00000000   Code   RO          726    .ARM.Collect$$rtentry$$00000009  c_w.l(rtentry2.o)
    0x0000030a   0x00000004   Code   RO          727    .ARM.Collect$$rtentry$$0000000A  c_w.l(rtentry2.o)
    0x0000030e   0x00000000   Code   RO          729    .ARM.Collect$$rtentry$$0000000C  c_w.l(rtentry2.o)
    0x0000030e   0x00000008   Code   RO          730    .ARM.Collect$$rtentry$$0000000D  c_w.l(rtentry2.o)
    0x00000316   0x00000002   Code   RO          778    .ARM.Collect$$rtexit$$00000000  c_w.l(rtexit.o)
    0x00000318   0x00000000   Code   RO          792    .ARM.Collect$$rtexit$$00000002  c_w.l(rtexit2.o)
    0x00000318   0x00000004   Code   RO          793    .ARM.Collect$$rtexit$$00000003  c_w.l(rtexit2.o)
    0x0000031c   0x00000006   Code   RO          794    .ARM.Collect$$rtexit$$00000004  c_w.l(rtexit2.o)
    0x00000322   0x00000002   PAD
    0x00000324   0x00000034   Code   RO          580    .emb_text           c_w.l(rand.o)
    0x00000358   0x00000030   Code   RO            4    .text               startup.o
    0x00000388   0x00000058   Code   RO          150    .text               lcd.o
    0x000003e0   0x00000118   Code   RO          153    .text               print.o
    0x000004f8   0x000004a0   Code   RO          561    .text               texas.o
    0x00000998   0x0000003c   Code   RO          581    .text               c_w.l(rand.o)
    0x000009d4   0x00000064   Code   RO          585    .text               c_w.l(rt_memcpy_w.o)
    0x00000a38   0x00000006   Code   RO          587    .text               c_w.l(heapauxi.o)
    0x00000a3e   0x00000016   Code   RO          636    .text               c_w.l(_rserrno.o)
    0x00000a54   0x00000008   Code   RO          741    .text               c_w.l(rt_errno_addr_intlibspace.o)
    0x00000a5c   0x00000008   Code   RO          757    .text               c_w.l(libspace.o)
    0x00000a64   0x0000004a   Code   RO          760    .text               c_w.l(sys_stackheap_outer.o)
    0x00000aae   0x0000000c   Code   RO          762    .text               c_w.l(exit.o)
    0x00000aba   0x00000002   Code   RO          788    .text               c_w.l(use_no_semi.o)
    0x00000abc   0x00000000   Code   RO          790    .text               c_w.l(indicate_semi.o)
    0x00000abc   0x0000000c   Code   RO          804    .text               c_w.l(sys_exit.o)
    0x00000ac8   0x00000104   Code   RO           44    i.ADC_InitXYmove    adc.o
    0x00000bcc   0x000000f0   Code   RO           45    i.ADC_InitXYshoot   adc.o
    0x00000cbc   0x0000001c   Code   RO          156    i.ConvertX          geometrywars.o
    0x00000cd8   0x0000001c   Code   RO          157    i.ConvertY          geometrywars.o
    0x00000cf4   0x00000080   Code   RO           16    i.DAC_Init          dac.o
    0x00000d74   0x0000000c   Code   RO           17    i.DAC_Out           dac.o
    0x00000d80   0x00000024   Code   RO          158    i.Delay100ms        geometrywars.o
    0x00000da4   0x00000020   Code   RO          298    i.Delay1ms          st7735.o
    0x00000dc4   0x000000b0   Code   RO          159    i.Draw_Enemy        geometrywars.o
    0x00000e74   0x000008d8   Code   RO          160    i.Enemy_Move        geometrywars.o
    0x0000174c   0x00000238   Code   RO          161    i.Enemy_Spawn       geometrywars.o
    0x00001984   0x0000004c   Code   RO          162    i.Game_Over         geometrywars.o
    0x000019d0   0x000001ec   Code   RO          163    i.Missile_Fire      geometrywars.o
    0x00001bbc   0x00000158   Code   RO          164    i.Missile_Hit       geometrywars.o
    0x00001d14   0x00000168   Code   RO          165    i.Missiles_Move     geometrywars.o
    0x00001e7c   0x00000010   Code   RO          301    i.Output_Init       st7735.o
    0x00001e8c   0x0000008c   Code   RO          166    i.Player_Hit        geometrywars.o
    0x00001f18   0x00000054   Code   RO          167    i.Player_Init       geometrywars.o
    0x00001f6c   0x00000130   Code   RO          168    i.Player_Move       geometrywars.o
    0x0000209c   0x0000004c   Code   RO          169    i.Player_Update     geometrywars.o
    0x000020e8   0x00000038   Code   RO          170    i.PortF_Init        geometrywars.o
    0x00002120   0x00000120   Code   RO          305    i.ST7735_DrawBitmap  st7735.o
    0x00002240   0x000000f4   Code   RO          307    i.ST7735_DrawCharS  st7735.o
    0x00002334   0x00000048   Code   RO          310    i.ST7735_DrawPixel  st7735.o
    0x0000237c   0x00000056   Code   RO          311    i.ST7735_DrawString  st7735.o
    0x000023d2   0x00000002   PAD
    0x000023d4   0x000000ac   Code   RO          312    i.ST7735_FillRect   st7735.o
    0x00002480   0x00000024   Code   RO          313    i.ST7735_FillScreen  st7735.o
    0x000024a4   0x0000007c   Code   RO          315    i.ST7735_InitR      st7735.o
    0x00002520   0x000000d4   Code   RO          317    i.ST7735_OutChar    st7735.o
    0x000025f4   0x00000018   Code   RO          318    i.ST7735_OutString  st7735.o
    0x0000260c   0x00000020   Code   RO          328    i.ST7735_SetCursor  st7735.o
    0x0000262c   0x00000088   Code   RO          171    i.SysTick_Handler   geometrywars.o
    0x000026b4   0x00000030   Code   RO          172    i.SysTick_Init      geometrywars.o
    0x000026e4   0x00000018   Code   RO          100    i.Timer0A_Handler   sound.o
    0x000026fc   0x00000064   Code   RO          101    i.Timer0A_Init      sound.o
    0x00002760   0x00000018   Code   RO           77    i.Timer1A_Handler   timer1.o
    0x00002778   0x00000014   Code   RO          102    i.TimerTask         sound.o
    0x0000278c   0x00000038   Code   RO           46    i.XYmove            adc.o
    0x000027c4   0x00000038   Code   RO           47    i.XYshoot           adc.o
    0x000027fc   0x00000028   Code   RO          753    i.__ARM_fpclassify  m_ws.l(fpclassify.o)
    0x00002824   0x00000388   Code   RO          712    i.__ieee754_rem_pio2  m_ws.l(rred.o)
    0x00002bac   0x000000fc   Code   RO          708    i.__kernel_cos      m_ws.l(cos_i.o)
    0x00002ca8   0x000000aa   Code   RO          755    i.__kernel_poly     m_ws.l(poly.o)
    0x00002d52   0x00000002   PAD
    0x00002d54   0x000000ec   Code   RO          717    i.__kernel_sin      m_ws.l(sin_i.o)
    0x00002e40   0x00000010   Code   RO          751    i.__mathlib_dbl_underflow  m_ws.l(dunder.o)
    0x00002e50   0x00000224   Code   RO          699    i.atan              m_ws.l(atan.o)
    0x00003074   0x00000180   Code   RO          610    i.atan2             m_ws.l(atan2.o)
    0x000031f4   0x00000056   Code   RO          332    i.commandList       st7735.o
    0x0000324a   0x00000002   PAD
    0x0000324c   0x00000184   Code   RO          333    i.commonInit        st7735.o
    0x000033d0   0x000000ac   Code   RO          618    i.cos               m_ws.l(cos.o)
    0x0000347c   0x00000250   Code   RO          173    i.main              geometrywars.o
    0x000036cc   0x00000050   Code   RO          103    i.playSound         sound.o
    0x0000371c   0x00000012   Code   RO          338    i.pushColor         st7735.o
    0x0000372e   0x00000002   PAD
    0x00003730   0x00000098   Code   RO          625    i.round             m_ws.l(round.o)
    0x000037c8   0x00000074   Code   RO          339    i.setAddrWindow     st7735.o
    0x0000383c   0x000000b0   Code   RO          628    i.sin               m_ws.l(sin.o)
    0x000038ec   0x00000150   Code   RO          591    x$fpl$dadd          fz_ws.l(daddsub_clz.o)
    0x00003a3c   0x00000010   Code   RO          745    x$fpl$dcheck1       fz_ws.l(dcheck1.o)
    0x00003a4c   0x00000018   Code   RO          747    x$fpl$dcmpinf       fz_ws.l(dcmpi.o)
    0x00003a64   0x000002b0   Code   RO          682    x$fpl$ddiv          fz_ws.l(ddiv.o)
    0x00003d14   0x0000005e   Code   RO          597    x$fpl$dfix          fz_ws.l(dfix.o)
    0x00003d72   0x0000002e   Code   RO          602    x$fpl$dflt          fz_ws.l(dflt_clz.o)
    0x00003da0   0x00000026   Code   RO          601    x$fpl$dfltu         fz_ws.l(dflt_clz.o)
    0x00003dc6   0x00000002   PAD
    0x00003dc8   0x00000078   Code   RO          685    x$fpl$dleqf         fz_ws.l(dleqf.o)
    0x00003e40   0x00000154   Code   RO          607    x$fpl$dmul          fz_ws.l(dmul.o)
    0x00003f94   0x0000009c   Code   RO          687    x$fpl$dnaninf       fz_ws.l(dnaninf.o)
    0x00004030   0x0000000c   Code   RO          689    x$fpl$dretinf       fz_ws.l(dretinf.o)
    0x0000403c   0x0000006c   Code   RO          691    x$fpl$drleqf        fz_ws.l(drleqf.o)
    0x000040a8   0x000000b4   Code   RO          693    x$fpl$drnd          fz_ws.l(drnd.o)
    0x0000415c   0x00000016   Code   RO          592    x$fpl$drsb          fz_ws.l(daddsub_clz.o)
    0x00004172   0x00000002   PAD
    0x00004174   0x000001d4   Code   RO          593    x$fpl$dsub          fz_ws.l(daddsub_clz.o)
    0x00004348   0x00000064   Code   RO          774    x$fpl$retnan        fz_ws.l(retnan.o)
    0x000043ac   0x0000005c   Code   RO          695    x$fpl$scalbn        fz_ws.l(scalbn.o)
    0x00004408   0x00000030   Code   RO          786    x$fpl$trapveneer    fz_ws.l(trapv.o)
    0x00004438   0x00000000   Code   RO          697    x$fpl$usenofp       fz_ws.l(usenofp.o)
    0x00004438   0x0000b047   Data   RO          104    .constdata          sound.o
    0x0000f47f   0x00000001   PAD
    0x0000f480   0x0000c404   Data   RO          175    .constdata          geometrywars.o
    0x0001b884   0x000007e2   Data   RO          341    .constdata          st7735.o
    0x0001c066   0x000000f0   Data   RO          563    .constdata          texas.o
    0x0001c156   0x00000002   PAD
    0x0001c158   0x00000098   Data   RO          700    .constdata          m_ws.l(atan.o)
    0x0001c1f0   0x00000030   Data   RO          709    .constdata          m_ws.l(cos_i.o)
    0x0001c220   0x00000008   Data   RO          711    .constdata          m_ws.l(qnan.o)
    0x0001c228   0x000000c8   Data   RO          714    .constdata          m_ws.l(rred.o)
    0x0001c2f0   0x00000028   Data   RO          718    .constdata          m_ws.l(sin_i.o)
    0x0001c318   0x00000020   Data   RO          848    Region$$Table       anon$$obj.o


    Execution Region ER_RW (Base: 0x20000000, Size: 0x000000c4, Max: 0xffffffff, ABSOLUTE)

    Base Addr    Size         Type   Attr      Idx    E Section Name        Object

    0x20000000   0x00000001   Data   RW           18    .data               dac.o
    0x20000001   0x00000003   PAD
    0x20000004   0x00000004   Data   RW           79    .data               timer1.o
    0x20000008   0x00000008   Data   RW          105    .data               sound.o
    0x20000010   0x00000058   Data   RW          176    .data               geometrywars.o
    0x20000068   0x0000002c   Data   RW          342    .data               st7735.o
    0x20000094   0x00000030   Data   RW          564    .data               texas.o


    Execution Region ER_ZI (Base: 0x200000c4, Size: 0x00005a34, Max: 0xffffffff, ABSOLUTE)

    Base Addr    Size         Type   Attr      Idx    E Section Name        Object

    0x200000c4   0x00000004   PAD
    0x200000c8   0x000054b0   Zero   RW          174    .bss                geometrywars.o
    0x20005578   0x00000038   Zero   RW          562    .bss                texas.o
    0x200055b0   0x000000e4   Zero   RW          582    .bss                c_w.l(rand.o)
    0x20005694   0x00000060   Zero   RW          758    .bss                c_w.l(libspace.o)
    0x200056f4   0x00000004   PAD
    0x200056f8   0x00000000   Zero   RW            2    HEAP                startup.o
    0x200056f8   0x00000400   Zero   RW            1    STACK               startup.o


==============================================================================

Image component sizes


      Code (inc. data)   RO Data    RW Data    ZI Data      Debug   Object Name

       612        106          0          0          0       1926   adc.o
       140         22          0          1          0       5081   dac.o
      5808        336      50180         88      21680      12912   geometrywars.o
        88         14          0          0          0        196   lcd.o
       280          2          0          0          0        248   print.o
       224         44      45127          8          0       2179   sound.o
      1946        182       2018         44          0      12060   st7735.o
       692        632          0          0       1024        884   startup.o
      1184        188        240         48         56      14668   texas.o
        24          8          0          4          0        790   timer1.o

    ----------------------------------------------------------------------
     11004       1534      97600        196      22764      50944   Object Totals
         0          0         32          0          0          0   (incl. Generated)
         6          0          3          3          4          0   (incl. Padding)

    ----------------------------------------------------------------------

      Code (inc. data)   RO Data    RW Data    ZI Data      Debug   Library Member Name

         8          0          0          0          0         68   __main.o
        52          8          0          0          0          0   __scatter.o
        26          0          0          0          0          0   __scatter_copy.o
        28          0          0          0          0          0   __scatter_zi.o
        22          0          0          0          0        100   _rserrno.o
        12          0          0          0          0         72   exit.o
         6          0          0          0          0        152   heapauxi.o
         0          0          0          0          0          0   indicate_semi.o
         2          0          0          0          0          0   libinit.o
         6          0          0          0          0          0   libinit2.o
         2          0          0          0          0          0   libshutdown.o
         2          0          0          0          0          0   libshutdown2.o
         8          4          0          0         96         68   libspace.o
       112         18          0          0        228        160   rand.o
         8          4          0          0          0         68   rt_errno_addr_intlibspace.o
       100          0          0          0          0         80   rt_memcpy_w.o
         0          0          0          0          0          0   rtentry.o
        12          0          0          0          0          0   rtentry2.o
         6          0          0          0          0          0   rtentry4.o
         2          0          0          0          0          0   rtexit.o
        10          0          0          0          0          0   rtexit2.o
        12          4          0          0          0         68   sys_exit.o
        74          0          0          0          0         80   sys_stackheap_outer.o
         2          0          0          0          0         68   use_no_semi.o
       826         16          0          0          0        348   daddsub_clz.o
        16          4          0          0          0         68   dcheck1.o
        24          0          0          0          0         68   dcmpi.o
       688        140          0          0          0        208   ddiv.o
        94          4          0          0          0         92   dfix.o
        84          0          0          0          0        136   dflt_clz.o
       120          4          0          0          0         92   dleqf.o
       340         12          0          0          0        104   dmul.o
       156          4          0          0          0         92   dnaninf.o
        12          0          0          0          0         68   dretinf.o
       108          0          0          0          0         80   drleqf.o
       180          4          0          0          0         80   drnd.o
       100          0          0          0          0         68   retnan.o
        92          0          0          0          0         68   scalbn.o
        48          0          0          0          0         68   trapv.o
         0          0          0          0          0          0   usenofp.o
       548         70        152          0          0        124   atan.o
       384         38          0          0          0        144   atan2.o
       172          8          0          0          0        112   cos.o
       252         22         48          0          0        124   cos_i.o
        16          6          0          0          0         68   dunder.o
        40          0          0          0          0         68   fpclassify.o
       170          0          0          0          0         96   poly.o
         0          0          8          0          0          0   qnan.o
       152         14          0          0          0         88   round.o
       904         72        200          0          0        140   rred.o
       176         10          0          0          0        116   sin.o
       236         12         40          0          0        128   sin_i.o

    ----------------------------------------------------------------------
      6460        478        448          0        328       3832   Library Totals
        10          0          0          0          4          0   (incl. Padding)

    ----------------------------------------------------------------------

      Code (inc. data)   RO Data    RW Data    ZI Data      Debug   Library Name

       512         38          0          0        324        984   c_w.l
      2888        188          0          0          0       1640   fz_ws.l
      3050        252        448          0          0       1208   m_ws.l

    ----------------------------------------------------------------------
      6460        478        448          0        328       3832   Library Totals

    ----------------------------------------------------------------------

==============================================================================


      Code (inc. data)   RO Data    RW Data    ZI Data      Debug   

     17464       2012      98048        196      23092      50356   Grand Totals
     17464       2012      98048        196      23092      50356   ELF Image Totals
     17464       2012      98048        196          0          0   ROM Totals

==============================================================================

    Total RO  Size (Code + RO Data)               115512 ( 112.80kB)
    Total RW  Size (RW Data + ZI Data)             23288 (  22.74kB)
    Total ROM Size (Code + RO Data + RW Data)     115708 ( 113.00kB)

==============================================================================

