<html>
<body>
<pre>
<h1>µVision Build Log</h1>
<h2>Project:</h2>
C:\Dropbox\EE319K\Volume1\LabSolutions\Lab10_EE319K\SpaceInvaders.uvproj
Project File Date:  02/24/2015

<h2>Output:</h2>
Build target 'SpaceInvaders'
compiling SpaceInvaders.c...
linking...
Program Size: Code=4488 RO-data=4800 RW-data=108 ZI-data=1180  
".\SpaceInvaders.axf" - 0 Error(s), 0 Warning(s).
Clean started: Project: 'SpaceInvaders'
   deleting intermediate output files for target 'SpaceInvaders'
</pre>
</body>
</html>
gram Size: Code=4696 RO-data=4800 RW-data=108 ZI-data=1196  
".\SpaceInvaders.axf" - 0 Error(s), 0 Warning(s).
